
> remicopay-frontend@0.1.0 build
> next build

  ??Next.js 14.2.21

   Creating an optimized production build ...
node.exe :  ??Compiled with w
arnings
位於 C:\Program Files\nodejs\np
m.ps1:29 字元:3
+   & $NODE_EXE $NPM_CLI_JS $
args
+   ~~~~~~~~~~~~~~~~~~~~~~~~~
~~~~
    + CategoryInfo           
   : NotSpecified: ( ??Comp  
  iled with warnings:Strin   
 g) [], RemoteException
    + FullyQualifiedErrorId  
   : NativeCommandError
 

./node_modules/@metamask/sdk/
dist/browser/es/metamask-sdk.
js
Module not found: Can't resol
ve '@react-native-async-stora
ge/async-storage' in 'C:\User
s\mawin\OneDrive\獢\ITS 4899
\B. Presentation\B. 2nd\Remic
oPay\frontend\node_modules\@m
etamask\sdk\dist\browser\es'

Import trace for requested mo
dule:
./node_modules/@metamask/sdk/
dist/browser/es/metamask-sdk.
js
./node_modules/@wagmi/connect
ors/dist/esm/metaMask.js
./node_modules/@wagmi/connect
ors/dist/esm/exports/index.js
./node_modules/wagmi/dist/esm
/exports/connectors.js
./node_modules/@rainbow-me/ra
inbowkit/dist/index.js
./app/providers.tsx

./node_modules/pino/lib/tools
.js
Module not found: Can't resol
ve 'pino-pretty' in 'C:\Users
\mawin\OneDrive\獢\ITS 4899\
B. Presentation\B. 2nd\Remico
Pay\frontend\node_modules\pin
o\lib'

Import trace for requested mo
dule:
./node_modules/pino/lib/tools
.js
./node_modules/pino/pino.js
./node_modules/@walletconnect
/logger/dist/index.es.js
./node_modules/@walletconnect
/universal-provider/dist/inde
x.es.js
./node_modules/@walletconnect
/ethereum-provider/dist/index
.es.js
./node_modules/@wagmi/connect
ors/dist/esm/walletConnect.js
./node_modules/@wagmi/connect
ors/dist/esm/exports/index.js
./node_modules/wagmi/dist/esm
/exports/connectors.js
./node_modules/@rainbow-me/ra
inbowkit/dist/index.js
./app/providers.tsx

 ??Compiled with warnings

./node_modules/@metamask/sdk/
dist/browser/es/metamask-sdk.
js
Module not found: Can't resol
ve '@react-native-async-stora
ge/async-storage' in 'C:\User
s\mawin\OneDrive\獢\ITS 4899
\B. Presentation\B. 2nd\Remic
oPay\frontend\node_modules\@m
etamask\sdk\dist\browser\es'

Import trace for requested mo
dule:
./node_modules/@metamask/sdk/
dist/browser/es/metamask-sdk.
js
./node_modules/@wagmi/connect
ors/dist/esm/metaMask.js
./node_modules/@wagmi/connect
ors/dist/esm/exports/index.js
./node_modules/wagmi/dist/esm
/exports/connectors.js
./node_modules/@rainbow-me/ra
inbowkit/dist/index.js
./app/providers.tsx

 ??Compiled successfully
   Linting and checking validity of types ...

Failed to compile.

./components/layout/Navbar.ts
x
9:31  Error: 'useRef' is defi
ned but never used.  @typescr
ipt-eslint/no-unused-vars

info  - Need to disable some 
ESLint rules? Learn more here
: https://nextjs.org/docs/bas
ic-features/eslint#disabling-
rules
